[2025-12-05 21:09:13] ==========================================
[2025-12-05 21:09:13] Starting Raft Benchmark for: ALR-leader-only
[2025-12-05 21:09:13] Results directory: /home/shafin/repos/6.5840/benchmark_results/ALR-leader-only_20251205_210913
[2025-12-05 21:09:13] ==========================================
[2025-12-05 21:09:13] >>> Phase 1: Write Ratio Performance Tests (5 replicas)
[2025-12-05 21:09:13] Running benchmark: replicas5_writes0_clients5
[2025-12-05 21:09:13]   Replicas: 5, Write Ratio: 0%, Duration: 30s
=== RUN   TestRaftBenchmark
    benchmark_custom_test.go:81: Starting Raft Benchmark:
    benchmark_custom_test.go:82:   Replicas: 5
    benchmark_custom_test.go:83:   Write Ratio: 0%
    benchmark_custom_test.go:84:   Duration: 30s
    benchmark_custom_test.go:85:   Clients: 5
Test: many clients (Benchmark) (reliable network)...
Results saved to: /home/shafin/repos/6.5840/benchmark_results/ALR-leader-only_20251205_210913/replicas5_writes0_clients5.json
    benchmark_custom_test.go:259: 
        === Benchmark Results ===
    benchmark_custom_test.go:260: Total Throughput: 687.83 ops/sec
    benchmark_custom_test.go:261:   Get Throughput: 687.83 ops/sec (100.0%)
    benchmark_custom_test.go:262:   Put Throughput: 0.00 ops/sec (0.0%)
    benchmark_custom_test.go:263: 
        Latency:
    benchmark_custom_test.go:264:   Overall: Avg=7.26ms, P50=7.22ms, P95=13.29ms, P99=19.40ms
    benchmark_custom_test.go:265:   Get:     Avg=7.26ms, P50=7.22ms, P95=13.29ms, P99=19.40ms
    benchmark_custom_test.go:266:   Put:     Avg=0.00ms, P50=0.00ms, P95=0.00ms, P99=0.00ms
    benchmark_custom_test.go:267: 
        Success Rate: 100.00% (20636/20636)
  ... Passed --  time 30.8s #peers 5 #RPCs 38936 #Ops    0
--- PASS: TestRaftBenchmark (30.82s)
PASS
ok  	raft/kvraft1	30.828s
[2025-12-05 21:09:44]   ✓ Benchmark completed successfully
[2025-12-05 21:09:44] Running benchmark: replicas5_writes0_clients10
[2025-12-05 21:09:45]   Replicas: 5, Write Ratio: 0%, Duration: 30s
=== RUN   TestRaftBenchmark
    benchmark_custom_test.go:81: Starting Raft Benchmark:
    benchmark_custom_test.go:82:   Replicas: 5
    benchmark_custom_test.go:83:   Write Ratio: 0%
    benchmark_custom_test.go:84:   Duration: 30s
    benchmark_custom_test.go:85:   Clients: 10
Test: many clients (Benchmark) (reliable network)...
Results saved to: /home/shafin/repos/6.5840/benchmark_results/ALR-leader-only_20251205_210913/replicas5_writes0_clients10.json
    benchmark_custom_test.go:259: 
        === Benchmark Results ===
    benchmark_custom_test.go:260: Total Throughput: 1288.79 ops/sec
    benchmark_custom_test.go:261:   Get Throughput: 1288.79 ops/sec (100.0%)
    benchmark_custom_test.go:262:   Put Throughput: 0.00 ops/sec (0.0%)
    benchmark_custom_test.go:263: 
        Latency:
    benchmark_custom_test.go:264:   Overall: Avg=7.75ms, P50=7.00ms, P95=16.00ms, P99=21.91ms
    benchmark_custom_test.go:265:   Get:     Avg=7.75ms, P50=7.00ms, P95=16.00ms, P99=21.91ms
    benchmark_custom_test.go:266:   Put:     Avg=0.00ms, P50=0.00ms, P95=0.00ms, P99=0.00ms
    benchmark_custom_test.go:267: 
        Success Rate: 100.00% (38676/38676)
  ... Passed --  time 30.8s #peers 5 #RPCs 57087 #Ops    0
--- PASS: TestRaftBenchmark (30.84s)
PASS
ok  	raft/kvraft1	30.851s
[2025-12-05 21:10:16]   ✓ Benchmark completed successfully
[2025-12-05 21:10:16] Running benchmark: replicas5_writes0_clients20
[2025-12-05 21:10:16]   Replicas: 5, Write Ratio: 0%, Duration: 30s
=== RUN   TestRaftBenchmark
    benchmark_custom_test.go:81: Starting Raft Benchmark:
    benchmark_custom_test.go:82:   Replicas: 5
    benchmark_custom_test.go:83:   Write Ratio: 0%
    benchmark_custom_test.go:84:   Duration: 30s
    benchmark_custom_test.go:85:   Clients: 20
Test: many clients (Benchmark) (reliable network)...
Results saved to: /home/shafin/repos/6.5840/benchmark_results/ALR-leader-only_20251205_210913/replicas5_writes0_clients20.json
    benchmark_custom_test.go:259: 
        === Benchmark Results ===
    benchmark_custom_test.go:260: Total Throughput: 2210.15 ops/sec
    benchmark_custom_test.go:261:   Get Throughput: 2210.15 ops/sec (100.0%)
    benchmark_custom_test.go:262:   Put Throughput: 0.00 ops/sec (0.0%)
    benchmark_custom_test.go:263: 
        Latency:
    benchmark_custom_test.go:264:   Overall: Avg=9.04ms, P50=8.10ms, P95=20.48ms, P99=24.71ms
    benchmark_custom_test.go:265:   Get:     Avg=9.04ms, P50=8.10ms, P95=20.48ms, P99=24.71ms
    benchmark_custom_test.go:266:   Put:     Avg=0.00ms, P50=0.00ms, P95=0.00ms, P99=0.00ms
    benchmark_custom_test.go:267: 
        Success Rate: 100.00% (66333/66333)
  ... Passed --  time 30.8s #peers 5 #RPCs 84154 #Ops    0
--- PASS: TestRaftBenchmark (30.85s)
PASS
ok  	raft/kvraft1	30.858s
[2025-12-05 21:10:47]   ✓ Benchmark completed successfully
[2025-12-05 21:10:47] Running benchmark: replicas5_writes0_clients50
[2025-12-05 21:10:47]   Replicas: 5, Write Ratio: 0%, Duration: 30s
=== RUN   TestRaftBenchmark
    benchmark_custom_test.go:81: Starting Raft Benchmark:
    benchmark_custom_test.go:82:   Replicas: 5
    benchmark_custom_test.go:83:   Write Ratio: 0%
    benchmark_custom_test.go:84:   Duration: 30s
    benchmark_custom_test.go:85:   Clients: 50
Test: many clients (Benchmark) (reliable network)...
Results saved to: /home/shafin/repos/6.5840/benchmark_results/ALR-leader-only_20251205_210913/replicas5_writes0_clients50.json
    benchmark_custom_test.go:259: 
        === Benchmark Results ===
    benchmark_custom_test.go:260: Total Throughput: 4898.47 ops/sec
    benchmark_custom_test.go:261:   Get Throughput: 4898.47 ops/sec (100.0%)
    benchmark_custom_test.go:262:   Put Throughput: 0.00 ops/sec (0.0%)
    benchmark_custom_test.go:263: 
        Latency:
    benchmark_custom_test.go:264:   Overall: Avg=10.20ms, P50=8.55ms, P95=23.18ms, P99=28.31ms
    benchmark_custom_test.go:265:   Get:     Avg=10.20ms, P50=8.55ms, P95=23.18ms, P99=28.31ms
    benchmark_custom_test.go:266:   Put:     Avg=0.00ms, P50=0.00ms, P95=0.00ms, P99=0.00ms
    benchmark_custom_test.go:267: 
        Success Rate: 100.00% (147071/147071)
  ... Passed --  time 30.9s #peers 5 #RPCs 164583 #Ops    0
--- PASS: TestRaftBenchmark (30.88s)
PASS
ok  	raft/kvraft1	30.898s
[2025-12-05 21:11:18]   ✓ Benchmark completed successfully
[2025-12-05 21:11:18] Running benchmark: replicas5_writes0_clients100
[2025-12-05 21:11:18]   Replicas: 5, Write Ratio: 0%, Duration: 30s
=== RUN   TestRaftBenchmark
    benchmark_custom_test.go:81: Starting Raft Benchmark:
    benchmark_custom_test.go:82:   Replicas: 5
    benchmark_custom_test.go:83:   Write Ratio: 0%
    benchmark_custom_test.go:84:   Duration: 30s
    benchmark_custom_test.go:85:   Clients: 100
Test: many clients (Benchmark) (reliable network)...
Results saved to: /home/shafin/repos/6.5840/benchmark_results/ALR-leader-only_20251205_210913/replicas5_writes0_clients100.json
    benchmark_custom_test.go:259: 
        === Benchmark Results ===
    benchmark_custom_test.go:260: Total Throughput: 7769.04 ops/sec
    benchmark_custom_test.go:261:   Get Throughput: 7769.04 ops/sec (100.0%)
    benchmark_custom_test.go:262:   Put Throughput: 0.00 ops/sec (0.0%)
    benchmark_custom_test.go:263: 
        Latency:
    benchmark_custom_test.go:264:   Overall: Avg=12.86ms, P50=10.40ms, P95=29.60ms, P99=39.88ms
    benchmark_custom_test.go:265:   Get:     Avg=12.86ms, P50=10.40ms, P95=29.60ms, P99=39.88ms
    benchmark_custom_test.go:266:   Put:     Avg=0.00ms, P50=0.00ms, P95=0.00ms, P99=0.00ms
    benchmark_custom_test.go:267: 
        Success Rate: 100.00% (233178/233178)
  ... Passed --  time 30.9s #peers 5 #RPCs 249692 #Ops    0
--- PASS: TestRaftBenchmark (30.88s)
PASS
ok  	raft/kvraft1	30.889s
[2025-12-05 21:11:49]   ✓ Benchmark completed successfully
[2025-12-05 21:11:49] Running benchmark: replicas5_writes0_clients200
[2025-12-05 21:11:49]   Replicas: 5, Write Ratio: 0%, Duration: 30s
=== RUN   TestRaftBenchmark
    benchmark_custom_test.go:81: Starting Raft Benchmark:
    benchmark_custom_test.go:82:   Replicas: 5
    benchmark_custom_test.go:83:   Write Ratio: 0%
    benchmark_custom_test.go:84:   Duration: 30s
    benchmark_custom_test.go:85:   Clients: 200
Test: many clients (Benchmark) (reliable network)...
Results saved to: /home/shafin/repos/6.5840/benchmark_results/ALR-leader-only_20251205_210913/replicas5_writes0_clients200.json
    benchmark_custom_test.go:259: 
        === Benchmark Results ===
    benchmark_custom_test.go:260: Total Throughput: 12619.86 ops/sec
    benchmark_custom_test.go:261:   Get Throughput: 12619.86 ops/sec (100.0%)
    benchmark_custom_test.go:262:   Put Throughput: 0.00 ops/sec (0.0%)
    benchmark_custom_test.go:263: 
        Latency:
    benchmark_custom_test.go:264:   Overall: Avg=15.83ms, P50=12.48ms, P95=35.31ms, P99=45.59ms
    benchmark_custom_test.go:265:   Get:     Avg=15.81ms, P50=12.48ms, P95=35.31ms, P99=45.59ms
    benchmark_custom_test.go:266:   Put:     Avg=0.00ms, P50=0.00ms, P95=0.00ms, P99=0.00ms
    benchmark_custom_test.go:267: 
        Success Rate: 100.00% (378802/378802)
  ... Passed --  time 30.9s #peers 5 #RPCs 393968 #Ops    0
--- PASS: TestRaftBenchmark (30.95s)
PASS
ok  	raft/kvraft1	30.968s
[2025-12-05 21:12:20]   ✓ Benchmark completed successfully
[2025-12-05 21:12:20] Running benchmark: replicas5_writes0_clients500
[2025-12-05 21:12:20]   Replicas: 5, Write Ratio: 0%, Duration: 30s
=== RUN   TestRaftBenchmark
    benchmark_custom_test.go:81: Starting Raft Benchmark:
    benchmark_custom_test.go:82:   Replicas: 5
    benchmark_custom_test.go:83:   Write Ratio: 0%
    benchmark_custom_test.go:84:   Duration: 30s
    benchmark_custom_test.go:85:   Clients: 500
Test: many clients (Benchmark) (reliable network)...
Results saved to: /home/shafin/repos/6.5840/benchmark_results/ALR-leader-only_20251205_210913/replicas5_writes0_clients500.json
    benchmark_custom_test.go:259: 
        === Benchmark Results ===
    benchmark_custom_test.go:260: Total Throughput: 22192.09 ops/sec
    benchmark_custom_test.go:261:   Get Throughput: 22192.09 ops/sec (100.0%)
    benchmark_custom_test.go:262:   Put Throughput: 0.00 ops/sec (0.0%)
    benchmark_custom_test.go:263: 
        Latency:
    benchmark_custom_test.go:264:   Overall: Avg=22.51ms, P50=16.95ms, P95=52.49ms, P99=64.18ms
    benchmark_custom_test.go:265:   Get:     Avg=22.49ms, P50=16.95ms, P95=52.49ms, P99=64.18ms
    benchmark_custom_test.go:266:   Put:     Avg=0.00ms, P50=0.00ms, P95=0.00ms, P99=0.00ms
    benchmark_custom_test.go:267: 
        Success Rate: 100.00% (666292/666292)
  ... Passed --  time 31.0s #peers 5 #RPCs 678166 #Ops    0
--- PASS: TestRaftBenchmark (31.00s)
PASS
ok  	raft/kvraft1	31.030s
[2025-12-05 21:12:52]   ✓ Benchmark completed successfully
[2025-12-05 21:12:52] Running benchmark: replicas5_writes0_clients1000
[2025-12-05 21:12:52]   Replicas: 5, Write Ratio: 0%, Duration: 30s
=== RUN   TestRaftBenchmark
    benchmark_custom_test.go:81: Starting Raft Benchmark:
    benchmark_custom_test.go:82:   Replicas: 5
    benchmark_custom_test.go:83:   Write Ratio: 0%
    benchmark_custom_test.go:84:   Duration: 30s
    benchmark_custom_test.go:85:   Clients: 1000
Test: many clients (Benchmark) (reliable network)...
Results saved to: /home/shafin/repos/6.5840/benchmark_results/ALR-leader-only_20251205_210913/replicas5_writes0_clients1000.json
    benchmark_custom_test.go:259: 
        === Benchmark Results ===
    benchmark_custom_test.go:260: Total Throughput: 27254.44 ops/sec
    benchmark_custom_test.go:261:   Get Throughput: 27254.44 ops/sec (100.0%)
    benchmark_custom_test.go:262:   Put Throughput: 0.00 ops/sec (0.0%)
    benchmark_custom_test.go:263: 
        Latency:
    benchmark_custom_test.go:264:   Overall: Avg=36.65ms, P50=28.38ms, P95=79.19ms, P99=103.33ms
    benchmark_custom_test.go:265:   Get:     Avg=36.56ms, P50=28.38ms, P95=79.19ms, P99=103.33ms
    benchmark_custom_test.go:266:   Put:     Avg=0.00ms, P50=0.00ms, P95=0.00ms, P99=0.00ms
    benchmark_custom_test.go:267: 
        Success Rate: 100.00% (818052/818052)
  ... Passed --  time 31.0s #peers 5 #RPCs 828808 #Ops    0
--- PASS: TestRaftBenchmark (31.04s)
PASS
ok  	raft/kvraft1	31.071s
[2025-12-05 21:13:23]   ✓ Benchmark completed successfully
[2025-12-05 21:13:23] Running benchmark: replicas5_writes0_clients2000
[2025-12-05 21:13:23]   Replicas: 5, Write Ratio: 0%, Duration: 30s
=== RUN   TestRaftBenchmark
    benchmark_custom_test.go:81: Starting Raft Benchmark:
    benchmark_custom_test.go:82:   Replicas: 5
    benchmark_custom_test.go:83:   Write Ratio: 0%
    benchmark_custom_test.go:84:   Duration: 30s
    benchmark_custom_test.go:85:   Clients: 2000
Test: many clients (Benchmark) (reliable network)...
Results saved to: /home/shafin/repos/6.5840/benchmark_results/ALR-leader-only_20251205_210913/replicas5_writes0_clients2000.json
    benchmark_custom_test.go:259: 
        === Benchmark Results ===
    benchmark_custom_test.go:260: Total Throughput: 30433.75 ops/sec
    benchmark_custom_test.go:261:   Get Throughput: 30433.75 ops/sec (100.0%)
    benchmark_custom_test.go:262:   Put Throughput: 0.00 ops/sec (0.0%)
    benchmark_custom_test.go:263: 
        Latency:
    benchmark_custom_test.go:264:   Overall: Avg=65.59ms, P50=57.53ms, P95=121.45ms, P99=152.63ms
    benchmark_custom_test.go:265:   Get:     Avg=65.55ms, P50=57.53ms, P95=121.45ms, P99=152.63ms
    benchmark_custom_test.go:266:   Put:     Avg=0.00ms, P50=0.00ms, P95=0.00ms, P99=0.00ms
    benchmark_custom_test.go:267: 
        Success Rate: 100.00% (914857/914857)
  ... Passed --  time 31.1s #peers 5 #RPCs 926232 #Ops    0
--- PASS: TestRaftBenchmark (31.11s)
PASS
ok  	raft/kvraft1	31.155s
[2025-12-05 21:13:54]   ✓ Benchmark completed successfully
[2025-12-05 21:13:54] Running benchmark: replicas5_writes0_clients5000
[2025-12-05 21:13:54]   Replicas: 5, Write Ratio: 0%, Duration: 30s
=== RUN   TestRaftBenchmark
    benchmark_custom_test.go:81: Starting Raft Benchmark:
    benchmark_custom_test.go:82:   Replicas: 5
    benchmark_custom_test.go:83:   Write Ratio: 0%
    benchmark_custom_test.go:84:   Duration: 30s
    benchmark_custom_test.go:85:   Clients: 5000
Test: many clients (Benchmark) (reliable network)...
Results saved to: /home/shafin/repos/6.5840/benchmark_results/ALR-leader-only_20251205_210913/replicas5_writes0_clients5000.json
    benchmark_custom_test.go:259: 
        === Benchmark Results ===
    benchmark_custom_test.go:260: Total Throughput: 30349.31 ops/sec
    benchmark_custom_test.go:261:   Get Throughput: 30349.31 ops/sec (100.0%)
    benchmark_custom_test.go:262:   Put Throughput: 0.00 ops/sec (0.0%)
    benchmark_custom_test.go:263: 
        Latency:
    benchmark_custom_test.go:264:   Overall: Avg=162.93ms, P50=166.33ms, P95=288.40ms, P99=376.35ms
    benchmark_custom_test.go:265:   Get:     Avg=162.84ms, P50=166.33ms, P95=288.40ms, P99=376.35ms
    benchmark_custom_test.go:266:   Put:     Avg=0.00ms, P50=0.00ms, P95=0.00ms, P99=0.00ms
    benchmark_custom_test.go:267: 
        Success Rate: 100.00% (913073/913073)
  ... Passed --  time 31.2s #peers 5 #RPCs 931913 #Ops    0
--- PASS: TestRaftBenchmark (31.18s)
PASS
ok  	raft/kvraft1	31.234s
[2025-12-05 21:14:26]   ✓ Benchmark completed successfully
[2025-12-05 21:14:26] ==========================================
[2025-12-05 21:14:26] Benchmark complete for version: ALR-leader-only
[2025-12-05 21:14:26] Results saved to: /home/shafin/repos/6.5840/benchmark_results/ALR-leader-only_20251205_210913
[2025-12-05 21:14:26] ==========================================
