[2025-12-05 21:16:59] ==========================================
[2025-12-05 21:16:59] Starting Raft Benchmark for: base
[2025-12-05 21:16:59] Results directory: /home/shafin/repos/6.5840/benchmark_results/base_20251205_211659
[2025-12-05 21:16:59] ==========================================
[2025-12-05 21:16:59] >>> Phase 1: Write Ratio Performance Tests (5 replicas)
[2025-12-05 21:16:59] Running benchmark: replicas5_writes0_clients5
[2025-12-05 21:17:00]   Replicas: 5, Write Ratio: 0%, Duration: 30s
=== RUN   TestRaftBenchmark
    benchmark_custom_test.go:81: Starting Raft Benchmark:
    benchmark_custom_test.go:82:   Replicas: 5
    benchmark_custom_test.go:83:   Write Ratio: 0%
    benchmark_custom_test.go:84:   Duration: 30s
    benchmark_custom_test.go:85:   Clients: 5
Test: many clients (Benchmark) (reliable network)...
Results saved to: /home/shafin/repos/6.5840/benchmark_results/base_20251205_211659/replicas5_writes0_clients5.json
    benchmark_custom_test.go:259: 
        === Benchmark Results ===
    benchmark_custom_test.go:260: Total Throughput: 168.05 ops/sec
    benchmark_custom_test.go:261:   Get Throughput: 168.05 ops/sec (100.0%)
    benchmark_custom_test.go:262:   Put Throughput: 0.00 ops/sec (0.0%)
    benchmark_custom_test.go:263: 
        Latency:
    benchmark_custom_test.go:264:   Overall: Avg=29.71ms, P50=27.57ms, P95=61.78ms, P99=84.28ms
    benchmark_custom_test.go:265:   Get:     Avg=29.71ms, P50=27.57ms, P95=61.78ms, P99=84.28ms
    benchmark_custom_test.go:266:   Put:     Avg=0.00ms, P50=0.00ms, P95=0.00ms, P99=0.00ms
    benchmark_custom_test.go:267: 
        Success Rate: 100.00% (5048/5048)
  ... Passed --  time 30.9s #peers 5 #RPCs 31235 #Ops    0
--- PASS: TestRaftBenchmark (30.90s)
PASS
ok  	raft/kvraft1	30.903s
[2025-12-05 21:17:31]   ✓ Benchmark completed successfully
[2025-12-05 21:17:31] Running benchmark: replicas5_writes0_clients10
[2025-12-05 21:17:31]   Replicas: 5, Write Ratio: 0%, Duration: 30s
=== RUN   TestRaftBenchmark
    benchmark_custom_test.go:81: Starting Raft Benchmark:
    benchmark_custom_test.go:82:   Replicas: 5
    benchmark_custom_test.go:83:   Write Ratio: 0%
    benchmark_custom_test.go:84:   Duration: 30s
    benchmark_custom_test.go:85:   Clients: 10
Test: many clients (Benchmark) (reliable network)...
Results saved to: /home/shafin/repos/6.5840/benchmark_results/base_20251205_211659/replicas5_writes0_clients10.json
    benchmark_custom_test.go:259: 
        === Benchmark Results ===
    benchmark_custom_test.go:260: Total Throughput: 166.04 ops/sec
    benchmark_custom_test.go:261:   Get Throughput: 166.04 ops/sec (100.0%)
    benchmark_custom_test.go:262:   Put Throughput: 0.00 ops/sec (0.0%)
    benchmark_custom_test.go:263: 
        Latency:
    benchmark_custom_test.go:264:   Overall: Avg=60.15ms, P50=57.09ms, P95=121.37ms, P99=141.86ms
    benchmark_custom_test.go:265:   Get:     Avg=60.15ms, P50=57.09ms, P95=121.37ms, P99=141.86ms
    benchmark_custom_test.go:266:   Put:     Avg=0.00ms, P50=0.00ms, P95=0.00ms, P99=0.00ms
    benchmark_custom_test.go:267: 
        Success Rate: 100.00% (4992/4992)
  ... Passed --  time 30.9s #peers 5 #RPCs 30774 #Ops    0
--- PASS: TestRaftBenchmark (31.04s)
PASS
ok  	raft/kvraft1	31.049s
[2025-12-05 21:18:02]   ✓ Benchmark completed successfully
[2025-12-05 21:18:02] Running benchmark: replicas5_writes0_clients20
[2025-12-05 21:18:02]   Replicas: 5, Write Ratio: 0%, Duration: 30s
=== RUN   TestRaftBenchmark
    benchmark_custom_test.go:81: Starting Raft Benchmark:
    benchmark_custom_test.go:82:   Replicas: 5
    benchmark_custom_test.go:83:   Write Ratio: 0%
    benchmark_custom_test.go:84:   Duration: 30s
    benchmark_custom_test.go:85:   Clients: 20
Test: many clients (Benchmark) (reliable network)...
Results saved to: /home/shafin/repos/6.5840/benchmark_results/base_20251205_211659/replicas5_writes0_clients20.json
    benchmark_custom_test.go:259: 
        === Benchmark Results ===
    benchmark_custom_test.go:260: Total Throughput: 172.69 ops/sec
    benchmark_custom_test.go:261:   Get Throughput: 172.69 ops/sec (100.0%)
    benchmark_custom_test.go:262:   Put Throughput: 0.00 ops/sec (0.0%)
    benchmark_custom_test.go:263: 
        Latency:
    benchmark_custom_test.go:264:   Overall: Avg=115.48ms, P50=107.02ms, P95=231.80ms, P99=261.74ms
    benchmark_custom_test.go:265:   Get:     Avg=115.48ms, P50=107.02ms, P95=231.80ms, P99=261.74ms
    benchmark_custom_test.go:266:   Put:     Avg=0.00ms, P50=0.00ms, P95=0.00ms, P99=0.00ms
    benchmark_custom_test.go:267: 
        Success Rate: 100.00% (5208/5208)
  ... Passed --  time 31.0s #peers 5 #RPCs 32338 #Ops    0
--- PASS: TestRaftBenchmark (31.19s)
PASS
ok  	raft/kvraft1	31.192s
[2025-12-05 21:18:33]   ✓ Benchmark completed successfully
[2025-12-05 21:18:33] Running benchmark: replicas5_writes0_clients50
[2025-12-05 21:18:33]   Replicas: 5, Write Ratio: 0%, Duration: 30s
=== RUN   TestRaftBenchmark
    benchmark_custom_test.go:81: Starting Raft Benchmark:
    benchmark_custom_test.go:82:   Replicas: 5
    benchmark_custom_test.go:83:   Write Ratio: 0%
    benchmark_custom_test.go:84:   Duration: 30s
    benchmark_custom_test.go:85:   Clients: 50
Test: many clients (Benchmark) (reliable network)...
Results saved to: /home/shafin/repos/6.5840/benchmark_results/base_20251205_211659/replicas5_writes0_clients50.json
    benchmark_custom_test.go:259: 
        === Benchmark Results ===
    benchmark_custom_test.go:260: Total Throughput: 160.89 ops/sec
    benchmark_custom_test.go:261:   Get Throughput: 160.89 ops/sec (100.0%)
    benchmark_custom_test.go:262:   Put Throughput: 0.00 ops/sec (0.0%)
    benchmark_custom_test.go:263: 
        Latency:
    benchmark_custom_test.go:264:   Overall: Avg=310.27ms, P50=296.04ms, P95=643.71ms, P99=810.84ms
    benchmark_custom_test.go:265:   Get:     Avg=310.27ms, P50=296.04ms, P95=643.71ms, P99=810.84ms
    benchmark_custom_test.go:266:   Put:     Avg=0.00ms, P50=0.00ms, P95=0.00ms, P99=0.00ms
    benchmark_custom_test.go:267: 
        Success Rate: 100.00% (4865/4865)
  ... Passed --  time 31.1s #peers 5 #RPCs 30039 #Ops    0
--- PASS: TestRaftBenchmark (31.11s)
PASS
ok  	raft/kvraft1	31.115s
[2025-12-05 21:19:05]   ✓ Benchmark completed successfully
[2025-12-05 21:19:05] ==========================================
[2025-12-05 21:19:05] Benchmark complete for version: base
[2025-12-05 21:19:05] Results saved to: /home/shafin/repos/6.5840/benchmark_results/base_20251205_211659
[2025-12-05 21:19:05] ==========================================
