[2025-11-26 13:02:53] ==========================================
[2025-11-26 13:02:53] Starting Raft KVS Performance Benchmark
[2025-11-26 13:02:53] Results directory: /home/shafin/repos/6.5840/benchmark_results/20251126_130253
[2025-11-26 13:02:53] ==========================================
[2025-11-26 13:02:53] Cleaning up old temporary files...
[2025-11-26 13:02:53] >>> Phase 1: Basic Functionality Tests
[2025-11-26 13:02:53] Running test: Basic functionality test (1 client, 5 servers)
[2025-11-26 13:02:53]   Test name: TestBasic4B
[2025-11-26 13:02:53]   Clients: 1, Servers: 5, Reliable network: true
[2025-11-26 13:02:56]   ✓ Test passed
[2025-11-26 13:02:56]   Completion time: 3.300819615s
[2025-11-26 13:02:56] Running test: Speed test (1 client, 3 servers)
[2025-11-26 13:02:56]   Test name: TestSpeed4B
[2025-11-26 13:02:56]   Clients: 1, Servers: 3, Reliable network: true
[2025-11-26 13:02:59]   ✓ Test passed
[2025-11-26 13:02:59]   Completion time: 2.715885276s
[2025-11-26 13:02:59] >>> Phase 2: Concurrent Client Count Performance Tests
[2025-11-26 13:02:59] Running throughput benchmark
[2025-11-26 13:02:59]   Clients: 1, Servers: 4
[2025-11-26 13:02:59]   Operations: 0, Duration: 10s
[2025-11-26 13:03:10]   Results saved to: /home/shafin/repos/6.5840/benchmark_results/20251126_130253/throughput_c1_s4_ops0.json
[2025-11-26 13:03:10] Running throughput benchmark
[2025-11-26 13:03:10]   Clients: 2, Servers: 4
[2025-11-26 13:03:10]   Operations: 0, Duration: 10s
[2025-11-26 13:03:20]   Results saved to: /home/shafin/repos/6.5840/benchmark_results/20251126_130253/throughput_c2_s4_ops0.json
[2025-11-26 13:03:20] Running throughput benchmark
[2025-11-26 13:03:20]   Clients: 4, Servers: 4
[2025-11-26 13:03:21]   Operations: 0, Duration: 10s
[2025-11-26 13:03:31]   Results saved to: /home/shafin/repos/6.5840/benchmark_results/20251126_130253/throughput_c4_s4_ops0.json
[2025-11-26 13:03:31] Running throughput benchmark
[2025-11-26 13:03:31]   Clients: 8, Servers: 4
[2025-11-26 13:03:31]   Operations: 0, Duration: 10s
[2025-11-26 13:03:42]   Results saved to: /home/shafin/repos/6.5840/benchmark_results/20251126_130253/throughput_c8_s4_ops0.json
[2025-11-26 13:03:42] Running throughput benchmark
[2025-11-26 13:03:42]   Clients: 16, Servers: 4
[2025-11-26 13:03:42]   Operations: 0, Duration: 10s
[2025-11-26 13:03:53]   Results saved to: /home/shafin/repos/6.5840/benchmark_results/20251126_130253/throughput_c16_s4_ops0.json
[2025-11-26 13:03:53] Running throughput benchmark
[2025-11-26 13:03:53]   Clients: 32, Servers: 4
[2025-11-26 13:03:53]   Operations: 0, Duration: 10s
[2025-11-26 13:04:04]   Results saved to: /home/shafin/repos/6.5840/benchmark_results/20251126_130253/throughput_c32_s4_ops0.json
[2025-11-26 13:04:04] >>> Phase 3: Server Scale Performance Tests
[2025-11-26 13:04:04] Running throughput benchmark
[2025-11-26 13:04:04]   Clients: 4, Servers: 4
[2025-11-26 13:04:04]   Operations: 0, Duration: 10s
[2025-11-26 13:04:15]   Results saved to: /home/shafin/repos/6.5840/benchmark_results/20251126_130253/throughput_c4_s4_ops0.json
[2025-11-26 13:04:15] Running throughput benchmark
[2025-11-26 13:04:15]   Clients: 4, Servers: 8
[2025-11-26 13:04:15]   Operations: 0, Duration: 10s
[2025-11-26 13:04:26]   Results saved to: /home/shafin/repos/6.5840/benchmark_results/20251126_130253/throughput_c4_s8_ops0.json
[2025-11-26 13:04:26] Running throughput benchmark
[2025-11-26 13:04:26]   Clients: 4, Servers: 16
[2025-11-26 13:04:26]   Operations: 0, Duration: 10s
[2025-11-26 13:04:37]   Results saved to: /home/shafin/repos/6.5840/benchmark_results/20251126_130253/throughput_c4_s16_ops0.json
[2025-11-26 13:04:37] Running throughput benchmark
[2025-11-26 13:04:37]   Clients: 4, Servers: 32
[2025-11-26 13:04:37]   Operations: 0, Duration: 10s
[2025-11-26 13:04:48]   Results saved to: /home/shafin/repos/6.5840/benchmark_results/20251126_130253/throughput_c4_s32_ops0.json
[2025-11-26 13:04:48] >>> Phase 4: Fixed Operation Count Performance Tests
[2025-11-26 13:04:48] Running throughput benchmark
[2025-11-26 13:04:48]   Clients: 5, Servers: 5
[2025-11-26 13:04:48]   Operations: 500, Duration: 0s
[2025-11-26 13:04:49]   Results saved to: /home/shafin/repos/6.5840/benchmark_results/20251126_130253/throughput_c5_s5_ops500.json
[2025-11-26 13:04:49] Running throughput benchmark
[2025-11-26 13:04:49]   Clients: 5, Servers: 5
[2025-11-26 13:04:49]   Operations: 1000, Duration: 0s
[2025-11-26 13:04:53]   Results saved to: /home/shafin/repos/6.5840/benchmark_results/20251126_130253/throughput_c5_s5_ops1000.json
[2025-11-26 13:04:53] Running throughput benchmark
[2025-11-26 13:04:53]   Clients: 5, Servers: 5
[2025-11-26 13:04:53]   Operations: 2000, Duration: 0s
[2025-11-26 13:05:01]   Results saved to: /home/shafin/repos/6.5840/benchmark_results/20251126_130253/throughput_c5_s5_ops2000.json
[2025-11-26 13:05:01] Running throughput benchmark
[2025-11-26 13:05:01]   Clients: 5, Servers: 5
[2025-11-26 13:05:01]   Operations: 5000, Duration: 0s
[2025-11-26 13:05:42]   Results saved to: /home/shafin/repos/6.5840/benchmark_results/20251126_130253/throughput_c5_s5_ops5000.json
[2025-11-26 13:05:42] >>> Phase 5: Network Reliability Tests
[2025-11-26 13:05:42] Running test: Unreliable network test (5 clients, 5 servers)
[2025-11-26 13:05:42]   Test name: TestUnreliable4B
[2025-11-26 13:05:42]   Clients: 5, Servers: 5, Reliable network: false
[2025-11-26 13:05:47]   ✓ Test passed
[2025-11-26 13:05:47]   Completion time: 4.930468214s
[2025-11-26 13:05:47] >>> Phase 6: Resilience Tests with Failure Injection
[2025-11-26 13:05:47] >> Phase 6a: Server Crash Resilience Tests
[2025-11-26 13:05:47] Running resilience benchmark with failure injection
[2025-11-26 13:05:47]   Clients: 5, Servers: 5
[2025-11-26 13:05:47]   Duration: 10s, Failure Type: crash, Failure Rate: 1/min
[2025-11-26 13:06:48]   Results saved to: /home/shafin/repos/6.5840/benchmark_results/20251126_130253/resilience_c5_s5_fcrash_r1.json
[2025-11-26 13:06:48] Running resilience benchmark with failure injection
[2025-11-26 13:06:48]   Clients: 5, Servers: 5
[2025-11-26 13:06:48]   Duration: 10s, Failure Type: crash, Failure Rate: 2/min
[2025-11-26 13:07:19]   Results saved to: /home/shafin/repos/6.5840/benchmark_results/20251126_130253/resilience_c5_s5_fcrash_r2.json
[2025-11-26 13:07:19] Running resilience benchmark with failure injection
[2025-11-26 13:07:19]   Clients: 5, Servers: 5
[2025-11-26 13:07:19]   Duration: 10s, Failure Type: crash, Failure Rate: 4/min
[2025-11-26 13:07:35]   Results saved to: /home/shafin/repos/6.5840/benchmark_results/20251126_130253/resilience_c5_s5_fcrash_r4.json
[2025-11-26 13:07:35] >> Phase 6b: Network Partition Resilience Tests
[2025-11-26 13:07:35] Running resilience benchmark with failure injection
[2025-11-26 13:07:35]   Clients: 5, Servers: 5
[2025-11-26 13:07:35]   Duration: 10s, Failure Type: partition, Failure Rate: 1/min
[2025-11-26 13:08:36]   Results saved to: /home/shafin/repos/6.5840/benchmark_results/20251126_130253/resilience_c5_s5_fpartition_r1.json
[2025-11-26 13:08:36] Running resilience benchmark with failure injection
[2025-11-26 13:08:36]   Clients: 5, Servers: 5
[2025-11-26 13:08:36]   Duration: 10s, Failure Type: partition, Failure Rate: 2/min
[2025-11-26 13:09:06]   Results saved to: /home/shafin/repos/6.5840/benchmark_results/20251126_130253/resilience_c5_s5_fpartition_r2.json
[2025-11-26 13:09:06] Running resilience benchmark with failure injection
[2025-11-26 13:09:06]   Clients: 5, Servers: 5
[2025-11-26 13:09:06]   Duration: 10s, Failure Type: partition, Failure Rate: 4/min
[2025-11-26 13:09:22]   Results saved to: /home/shafin/repos/6.5840/benchmark_results/20251126_130253/resilience_c5_s5_fpartition_r4.json
[2025-11-26 13:09:22] >> Phase 6c: Mixed Failure Resilience Tests
[2025-11-26 13:09:22] Running resilience benchmark with failure injection
[2025-11-26 13:09:22]   Clients: 5, Servers: 5
[2025-11-26 13:09:22]   Duration: 10s, Failure Type: mixed, Failure Rate: 2/min
[2025-11-26 13:09:53]   Results saved to: /home/shafin/repos/6.5840/benchmark_results/20251126_130253/resilience_c5_s5_fmixed_r2.json
[2025-11-26 13:09:53] Running resilience benchmark with failure injection
[2025-11-26 13:09:53]   Clients: 5, Servers: 5
[2025-11-26 13:09:53]   Duration: 10s, Failure Type: mixed, Failure Rate: 4/min
[2025-11-26 13:10:08]   Results saved to: /home/shafin/repos/6.5840/benchmark_results/20251126_130253/resilience_c5_s5_fmixed_r4.json
[2025-11-26 13:10:08] Running resilience benchmark with failure injection
[2025-11-26 13:10:08]   Clients: 5, Servers: 5
[2025-11-26 13:10:08]   Duration: 10s, Failure Type: mixed, Failure Rate: 6/min
[2025-11-26 13:10:29]   Results saved to: /home/shafin/repos/6.5840/benchmark_results/20251126_130253/resilience_c5_s5_fmixed_r6.json
[2025-11-26 13:10:29] >> Phase 6d: Client Scale Resilience Tests
[2025-11-26 13:10:29] Running resilience benchmark with failure injection
[2025-11-26 13:10:29]   Clients: 2, Servers: 5
[2025-11-26 13:10:29]   Duration: 10s, Failure Type: mixed, Failure Rate: 2/min
[2025-11-26 13:11:00]   Results saved to: /home/shafin/repos/6.5840/benchmark_results/20251126_130253/resilience_c2_s5_fmixed_r2.json
[2025-11-26 13:11:00] Running resilience benchmark with failure injection
[2025-11-26 13:11:00]   Clients: 4, Servers: 5
[2025-11-26 13:11:00]   Duration: 10s, Failure Type: mixed, Failure Rate: 2/min
[2025-11-26 13:11:30]   Results saved to: /home/shafin/repos/6.5840/benchmark_results/20251126_130253/resilience_c4_s5_fmixed_r2.json
[2025-11-26 13:11:30] Running resilience benchmark with failure injection
[2025-11-26 13:11:30]   Clients: 8, Servers: 5
[2025-11-26 13:11:30]   Duration: 10s, Failure Type: mixed, Failure Rate: 2/min
[2025-11-26 13:12:01]   Results saved to: /home/shafin/repos/6.5840/benchmark_results/20251126_130253/resilience_c8_s5_fmixed_r2.json
[2025-11-26 13:12:01] Running resilience benchmark with failure injection
[2025-11-26 13:12:01]   Clients: 16, Servers: 5
[2025-11-26 13:12:01]   Duration: 10s, Failure Type: mixed, Failure Rate: 2/min
[2025-11-26 13:12:32]   Results saved to: /home/shafin/repos/6.5840/benchmark_results/20251126_130253/resilience_c16_s5_fmixed_r2.json
[2025-11-26 13:12:32] >> Phase 6e: Server Scale Resilience Tests
[2025-11-26 13:12:32] Running resilience benchmark with failure injection
[2025-11-26 13:12:32]   Clients: 5, Servers: 3
[2025-11-26 13:12:32]   Duration: 10s, Failure Type: crash, Failure Rate: 2/min
[2025-11-26 13:13:03]   Results saved to: /home/shafin/repos/6.5840/benchmark_results/20251126_130253/resilience_c5_s3_fcrash_r2.json
[2025-11-26 13:13:03] Running resilience benchmark with failure injection
[2025-11-26 13:13:03]   Clients: 5, Servers: 5
[2025-11-26 13:13:03]   Duration: 10s, Failure Type: crash, Failure Rate: 2/min
[2025-11-26 13:13:33]   Results saved to: /home/shafin/repos/6.5840/benchmark_results/20251126_130253/resilience_c5_s5_fcrash_r2.json
[2025-11-26 13:13:33] Running resilience benchmark with failure injection
[2025-11-26 13:13:33]   Clients: 5, Servers: 7
[2025-11-26 13:13:33]   Duration: 10s, Failure Type: crash, Failure Rate: 2/min
[2025-11-26 13:14:04]   Results saved to: /home/shafin/repos/6.5840/benchmark_results/20251126_130253/resilience_c5_s7_fcrash_r2.json
[2025-11-26 13:14:04] Running resilience benchmark with failure injection
[2025-11-26 13:14:04]   Clients: 5, Servers: 9
[2025-11-26 13:14:04]   Duration: 10s, Failure Type: crash, Failure Rate: 2/min
[2025-11-26 13:14:35]   Results saved to: /home/shafin/repos/6.5840/benchmark_results/20251126_130253/resilience_c5_s9_fcrash_r2.json
[2025-11-26 13:14:35] ==========================================
[2025-11-26 13:14:35] Generating Summary Report
[2025-11-26 13:14:35] ==========================================
[2025-11-26 13:14:35] Summary report generated: /home/shafin/repos/6.5840/benchmark_results/20251126_130253/summary.json
[2025-11-26 13:14:35] 
[2025-11-26 13:14:35] ==========================================
[2025-11-26 13:14:35] Benchmark testing complete!
[2025-11-26 13:14:35] Results saved in: /home/shafin/repos/6.5840/benchmark_results/20251126_130253
[2025-11-26 13:14:35] Log file: /home/shafin/repos/6.5840/benchmark_results/20251126_130253/benchmark.log
[2025-11-26 13:14:35] ==========================================
